[0.000000] (-) TimerEvent: {}
[0.001447] (ros2_message) JobQueued: {'identifier': 'ros2_message', 'dependencies': OrderedDict()}
[0.001489] (ros2_message) JobStarted: {'identifier': 'ros2_message'}
[0.012760] (ros2_message) JobProgress: {'identifier': 'ros2_message', 'progress': 'cmake'}
[0.013653] (ros2_message) Command: {'cmd': ['/usr/bin/cmake', '/home/magnum/ros2_msg/src/ros2_message', '-DCMAKE_INSTALL_PREFIX=/home/magnum/ros2_msg/install/ros2_message'], 'cwd': '/home/magnum/ros2_msg/build/ros2_message', 'env': OrderedDict([('GJS_DEBUG_TOPICS', 'JS ERROR;JS LOG'), ('LESSOPEN', '| /usr/bin/lesspipe %s'), ('LANGUAGE', 'en_NG:en'), ('USER', 'magnum'), ('SSH_AGENT_PID', '2534'), ('XDG_SESSION_TYPE', 'x11'), ('SHLVL', '1'), ('LD_LIBRARY_PATH', '/usr/lib/x86_64-linux-gnu/gazebo-11/plugins:/opt/ros/foxy/opt/yaml_cpp_vendor/lib:/opt/ros/foxy/opt/rviz_ogre_vendor/lib:/opt/ros/foxy/lib/x86_64-linux-gnu:/opt/ros/foxy/lib'), ('HOME', '/home/magnum'), ('OLDPWD', '/home/magnum/ros2_msg/src'), ('DESKTOP_SESSION', 'ubuntu'), ('QT_STYLE_OVERRIDE', 'kvantum'), ('ROS_PYTHON_VERSION', '3'), ('GNOME_SHELL_SESSION_MODE', 'ubuntu'), ('GTK_MODULES', 'gail:atk-bridge'), ('ROS_IP', '192.168.1.84'), ('MANAGERPID', '2346'), ('DBUS_SESSION_BUS_ADDRESS', 'unix:path=/run/user/1000/bus'), ('COLORTERM', 'truecolor'), ('MANDATORY_PATH', '/usr/share/gconf/ubuntu.mandatory.path'), ('QT_QPA_PLATFORMTHEME', 'qt5ct'), ('IM_CONFIG_PHASE', '1'), ('COLCON_PREFIX_PATH', '/home/magnum/ros2_msg/install'), ('ROS_DISTRO', 'foxy'), ('LOGNAME', 'magnum'), ('JOURNAL_STREAM', '8:58830'), ('_', '/usr/bin/colcon'), ('ROS_VERSION', '2'), ('XDG_SESSION_CLASS', 'user'), ('DEFAULTS_PATH', '/usr/share/gconf/ubuntu.default.path'), ('USERNAME', 'magnum'), ('TERM', 'xterm-256color'), ('GNOME_DESKTOP_SESSION_ID', 'this-is-deprecated'), ('ROS_LOCALHOST_ONLY', '0'), ('WINDOWPATH', '2'), ('PATH', '/opt/ros/foxy/bin:/home/magnum/.local/bin:/usr/local/sbin:/usr/local/bin:/usr/sbin:/usr/bin:/sbin:/bin:/usr/games:/usr/local/games:/snap/bin'), ('SESSION_MANAGER', 'local/robostek:@/tmp/.ICE-unix/2572,unix/robostek:/tmp/.ICE-unix/2572'), ('INVOCATION_ID', '1f32834dccfb4a88ab8bd2b72a053f8d'), ('XDG_MENU_PREFIX', 'gnome-'), ('GNOME_TERMINAL_SCREEN', '/org/gnome/Terminal/screen/5ff014c8_9bfd_490e_9106_e9ead06e6873'), ('XDG_RUNTIME_DIR', '/run/user/1000'), ('DISPLAY', ':0'), ('LANG', 'en_US.UTF-8'), ('XDG_CURRENT_DESKTOP', 'ubuntu:GNOME'), ('XMODIFIERS', '@im=ibus'), ('XDG_SESSION_DESKTOP', 'ubuntu'), ('XAUTHORITY', '/run/user/1000/gdm/Xauthority'), ('LS_COLORS', 'rs=0:di=01;34:ln=01;36:mh=00:pi=40;33:so=01;35:do=01;35:bd=40;33;01:cd=40;33;01:or=40;31;01:mi=00:su=37;41:sg=30;43:ca=30;41:tw=30;42:ow=34;42:st=37;44:ex=01;32:*.tar=01;31:*.tgz=01;31:*.arc=01;31:*.arj=01;31:*.taz=01;31:*.lha=01;31:*.lz4=01;31:*.lzh=01;31:*.lzma=01;31:*.tlz=01;31:*.txz=01;31:*.tzo=01;31:*.t7z=01;31:*.zip=01;31:*.z=01;31:*.dz=01;31:*.gz=01;31:*.lrz=01;31:*.lz=01;31:*.lzo=01;31:*.xz=01;31:*.zst=01;31:*.tzst=01;31:*.bz2=01;31:*.bz=01;31:*.tbz=01;31:*.tbz2=01;31:*.tz=01;31:*.deb=01;31:*.rpm=01;31:*.jar=01;31:*.war=01;31:*.ear=01;31:*.sar=01;31:*.rar=01;31:*.alz=01;31:*.ace=01;31:*.zoo=01;31:*.cpio=01;31:*.7z=01;31:*.rz=01;31:*.cab=01;31:*.wim=01;31:*.swm=01;31:*.dwm=01;31:*.esd=01;31:*.jpg=01;35:*.jpeg=01;35:*.mjpg=01;35:*.mjpeg=01;35:*.gif=01;35:*.bmp=01;35:*.pbm=01;35:*.pgm=01;35:*.ppm=01;35:*.tga=01;35:*.xbm=01;35:*.xpm=01;35:*.tif=01;35:*.tiff=01;35:*.png=01;35:*.svg=01;35:*.svgz=01;35:*.mng=01;35:*.pcx=01;35:*.mov=01;35:*.mpg=01;35:*.mpeg=01;35:*.m2v=01;35:*.mkv=01;35:*.webm=01;35:*.ogm=01;35:*.mp4=01;35:*.m4v=01;35:*.mp4v=01;35:*.vob=01;35:*.qt=01;35:*.nuv=01;35:*.wmv=01;35:*.asf=01;35:*.rm=01;35:*.rmvb=01;35:*.flc=01;35:*.avi=01;35:*.fli=01;35:*.flv=01;35:*.gl=01;35:*.dl=01;35:*.xcf=01;35:*.xwd=01;35:*.yuv=01;35:*.cgm=01;35:*.emf=01;35:*.ogv=01;35:*.ogx=01;35:*.aac=00;36:*.au=00;36:*.flac=00;36:*.m4a=00;36:*.mid=00;36:*.midi=00;36:*.mka=00;36:*.mp3=00;36:*.mpc=00;36:*.ogg=00;36:*.ra=00;36:*.wav=00;36:*.oga=00;36:*.opus=00;36:*.spx=00;36:*.xspf=00;36:'), ('GNOME_TERMINAL_SERVICE', ':1.303'), ('SSH_AUTH_SOCK', '/run/user/1000/keyring/ssh'), ('AMENT_PREFIX_PATH', '/home/magnum/ros2_msg/install/ros2_message:/opt/ros/foxy'), ('SHELL', '/bin/bash'), ('QT_ACCESSIBILITY', '1'), ('ROS_MASTER_URI', 'http://192.168.1.122:11311'), ('GDMSESSION', 'ubuntu'), ('LESSCLOSE', '/usr/bin/lesspipe %s %s'), ('GPG_AGENT_INFO', '/run/user/1000/gnupg/S.gpg-agent:0:1'), ('GJS_DEBUG_OUTPUT', 'stderr'), ('QT_IM_MODULE', 'ibus'), ('PWD', '/home/magnum/ros2_msg/build/ros2_message'), ('TURTLEBOT3_MODEL', 'burger'), ('LC_ALL', 'en_US.UTF-8'), ('XDG_CONFIG_DIRS', '/etc/xdg/xdg-ubuntu:/etc/xdg'), ('XDG_DATA_DIRS', '/usr/share/ubuntu:/usr/local/share/:/usr/share/:/var/lib/snapd/desktop'), ('PYTHONPATH', '/opt/ros/foxy/lib/python/site-packages:/opt/ros/foxy/lib/python3.8/site-packages'), ('COLCON', '1'), ('VTE_VERSION', '6003'), ('CMAKE_PREFIX_PATH', '/home/magnum/ros2_msg/install/ros2_message')]), 'shell': False}
[0.030226] (ros2_message) StdoutLine: {'line': b'-- Found ament_cmake: 0.9.11 (/opt/ros/foxy/share/ament_cmake/cmake)\n'}
[0.049612] (ros2_message) StdoutLine: {'line': b'-- Using PYTHON_EXECUTABLE: /usr/bin/python3\n'}
[0.099428] (-) TimerEvent: {}
[0.198319] (ros2_message) StdoutLine: {'line': b'-- Override CMake install command with custom implementation using symlinks instead of copying resources\n'}
[0.199446] (-) TimerEvent: {}
[0.203857] (ros2_message) StdoutLine: {'line': b'-- Found rclcpp: 2.4.2 (/opt/ros/foxy/share/rclcpp/cmake)\n'}
[0.231462] (ros2_message) StdoutLine: {'line': b'-- Using all available rosidl_typesupport_c: rosidl_typesupport_fastrtps_c;rosidl_typesupport_introspection_c\n'}
[0.234382] (ros2_message) StdoutLine: {'line': b'-- Found rosidl_adapter: 1.3.0 (/opt/ros/foxy/share/rosidl_adapter/cmake)\n'}
[0.299759] (-) TimerEvent: {}
[0.330778] (ros2_message) StdoutLine: {'line': b'-- Using all available rosidl_typesupport_cpp: rosidl_typesupport_fastrtps_cpp;rosidl_typesupport_introspection_cpp\n'}
[0.366926] (ros2_message) StdoutLine: {'line': b'-- Found rmw_implementation_cmake: 1.0.3 (/opt/ros/foxy/share/rmw_implementation_cmake/cmake)\n'}
[0.367570] (ros2_message) StdoutLine: {'line': b"-- Using RMW implementation 'rmw_fastrtps_cpp' as default\n"}
[0.399831] (-) TimerEvent: {}
[0.470587] (ros2_message) StdoutLine: {'line': b'-- Found rosidl_default_generators: 1.0.1 (/opt/ros/foxy/share/rosidl_default_generators/cmake)\n'}
[0.477137] (ros2_message) StdoutLine: {'line': b'-- Found ament_lint_auto: 0.9.7 (/opt/ros/foxy/share/ament_lint_auto/cmake)\n'}
[0.499936] (-) TimerEvent: {}
[0.515406] (ros2_message) StderrLine: {'line': b"Error parsing '/home/magnum/ros2_msg/src/ros2_message/package.xml':\n"}
[0.582411] (ros2_message) StderrLine: {'line': b'Traceback (most recent call last):\n'}
[0.582636] (ros2_message) StderrLine: {'line': b'  File "/usr/lib/python3/dist-packages/catkin_pkg/package.py", line 610, in parse_package_string\n'}
[0.582864] (ros2_message) StderrLine: {'line': b'    root = dom.parseString(data)\n'}
[0.582949] (ros2_message) StderrLine: {'line': b'  File "/usr/lib/python3.8/xml/dom/minidom.py", line 1969, in parseString\n'}
[0.583029] (ros2_message) StderrLine: {'line': b'    return expatbuilder.parseString(string)\n'}
[0.583109] (ros2_message) StderrLine: {'line': b'  File "/usr/lib/python3.8/xml/dom/expatbuilder.py", line 925, in parseString\n'}
[0.583188] (ros2_message) StderrLine: {'line': b'    return builder.parseString(string)\n'}
[0.583268] (ros2_message) StderrLine: {'line': b'  File "/usr/lib/python3.8/xml/dom/expatbuilder.py", line 223, in parseString\n'}
[0.583350] (ros2_message) StderrLine: {'line': b'    parser.Parse(string, True)\n'}
[0.583417] (ros2_message) StderrLine: {'line': b'xml.parsers.expat.ExpatError: mismatched tag: line 29, column 2\n'}
[0.583483] (ros2_message) StderrLine: {'line': b'\n'}
[0.583548] (ros2_message) StderrLine: {'line': b'During handling of the above exception, another exception occurred:\n'}
[0.583640] (ros2_message) StderrLine: {'line': b'\n'}
[0.583711] (ros2_message) StderrLine: {'line': b'Traceback (most recent call last):\n'}
[0.583778] (ros2_message) StderrLine: {'line': b'  File "/opt/ros/foxy/share/ament_cmake_core/cmake/core/package_xml_2_cmake.py", line 143, in <module>\n'}
[0.583856] (ros2_message) StderrLine: {'line': b'    main()\n'}
[0.583922] (ros2_message) StderrLine: {'line': b'  File "/opt/ros/foxy/share/ament_cmake_core/cmake/core/package_xml_2_cmake.py", line 52, in main\n'}
[0.583986] (ros2_message) StderrLine: {'line': b'    raise e\n'}
[0.584050] (ros2_message) StderrLine: {'line': b'  File "/opt/ros/foxy/share/ament_cmake_core/cmake/core/package_xml_2_cmake.py", line 48, in main\n'}
[0.584117] (ros2_message) StderrLine: {'line': b'    package = parse_package_string(\n'}
[0.584183] (ros2_message) StderrLine: {'line': b'  File "/usr/lib/python3/dist-packages/catkin_pkg/package.py", line 612, in parse_package_string\n'}
[0.584248] (ros2_message) StderrLine: {'line': b"    raise InvalidPackage('The manifest contains invalid XML:\\n%s' % ex, filename)\n"}
[0.584313] (ros2_message) StderrLine: {'line': b"catkin_pkg.package.InvalidPackage: Error(s) in package '/home/magnum/ros2_msg/src/ros2_message/package.xml':\n"}
[0.584378] (ros2_message) StderrLine: {'line': b'The manifest contains invalid XML:\n'}
[0.584443] (ros2_message) StderrLine: {'line': b'mismatched tag: line 29, column 2\n'}
[0.595955] (ros2_message) StderrLine: {'line': b'CMake Error at /opt/ros/foxy/share/ament_cmake_core/cmake/core/ament_package_xml.cmake:94 (message):\n'}
[0.596157] (ros2_message) StderrLine: {'line': b'  execute_process(/usr/bin/python3\n'}
[0.596248] (ros2_message) StderrLine: {'line': b'  /opt/ros/foxy/share/ament_cmake_core/cmake/core/package_xml_2_cmake.py\n'}
[0.596321] (ros2_message) StderrLine: {'line': b'  /home/magnum/ros2_msg/src/ros2_message/package.xml\n'}
[0.596386] (ros2_message) StderrLine: {'line': b'  /home/magnum/ros2_msg/build/ros2_message/ament_cmake_core/package.cmake)\n'}
[0.596465] (ros2_message) StderrLine: {'line': b'  returned error code 1\n'}
[0.596541] (ros2_message) StderrLine: {'line': b'Call Stack (most recent call first):\n'}
[0.596612] (ros2_message) StderrLine: {'line': b'  /opt/ros/foxy/share/ament_cmake_core/cmake/core/ament_package_xml.cmake:49 (_ament_package_xml)\n'}
[0.596690] (ros2_message) StderrLine: {'line': b'  /opt/ros/foxy/share/ament_lint_auto/cmake/ament_lint_auto_find_test_dependencies.cmake:31 (ament_package_xml)\n'}
[0.596767] (ros2_message) StderrLine: {'line': b'  CMakeLists.txt:34 (ament_lint_auto_find_test_dependencies)\n'}
[0.596844] (ros2_message) StderrLine: {'line': b'\n'}
[0.596920] (ros2_message) StderrLine: {'line': b'\n'}
[0.597129] (ros2_message) StdoutLine: {'line': b'-- Configuring incomplete, errors occurred!\n'}
[0.597211] (ros2_message) StdoutLine: {'line': b'See also "/home/magnum/ros2_msg/build/ros2_message/CMakeFiles/CMakeOutput.log".\n'}
[0.597282] (ros2_message) StdoutLine: {'line': b'See also "/home/magnum/ros2_msg/build/ros2_message/CMakeFiles/CMakeError.log".\n'}
[0.599997] (-) TimerEvent: {}
[0.603123] (ros2_message) CommandEnded: {'returncode': 1}
[0.603859] (ros2_message) JobEnded: {'identifier': 'ros2_message', 'rc': 1}
[0.614141] (-) EventReactorShutdown: {}
